#-----------------------------------------------------------
# Vivado v2019.2 (64-bit)
# SW Build 2700185 on Thu Oct 24 18:45:48 MDT 2019
# IP Build 2699827 on Thu Oct 24 21:16:38 MDT 2019
# Start of session at: Sat Mar 14 10:50:02 2020
# Process ID: 24251
# Current directory: /home/jaehee2/Documents/gitrepos/fpga/sample_generator/project_2/project_2.tmp/sample_generator_v1_0_project/sample_generator_v1_0_project.runs/synth_1
# Command line: vivado -log sample_generator_v1_0.vds -product Vivado -mode batch -messageDb vivado.pb -notrace -source sample_generator_v1_0.tcl
# Log file: /home/jaehee2/Documents/gitrepos/fpga/sample_generator/project_2/project_2.tmp/sample_generator_v1_0_project/sample_generator_v1_0_project.runs/synth_1/sample_generator_v1_0.vds
# Journal file: /home/jaehee2/Documents/gitrepos/fpga/sample_generator/project_2/project_2.tmp/sample_generator_v1_0_project/sample_generator_v1_0_project.runs/synth_1/vivado.jou
#-----------------------------------------------------------
source sample_generator_v1_0.tcl -notrace
