#-----------------------------------------------------------
# Webtalk v2019.2 (64-bit)
# SW Build 2700185 on Thu Oct 24 18:45:48 MDT 2019
# IP Build 2699827 on Thu Oct 24 21:16:38 MDT 2019
# Start of session at: Sat Mar 14 17:51:21 2020
# Process ID: 24635
# Current directory: /home/jaehee2/Documents/gitrepos/fpga/sample_generator/project_2/project_2.sim/sim_1/behav/xsim
# Command line: wbtcv -mode batch -source /home/jaehee2/Documents/gitrepos/fpga/sample_generator/project_2/project_2.sim/sim_1/behav/xsim/xsim.dir/sample_generator_testbench_behav/webtalk/xsim_webtalk.tcl -notrace
# Log file: /home/jaehee2/Documents/gitrepos/fpga/sample_generator/project_2/project_2.sim/sim_1/behav/xsim/webtalk.log
# Journal file: /home/jaehee2/Documents/gitrepos/fpga/sample_generator/project_2/project_2.sim/sim_1/behav/xsim/webtalk.jou
#-----------------------------------------------------------
source /home/jaehee2/Documents/gitrepos/fpga/sample_generator/project_2/project_2.sim/sim_1/behav/xsim/xsim.dir/sample_generator_testbench_behav/webtalk/xsim_webtalk.tcl -notrace
